2025-10-11 22:57:32 | INFO | vqe_output | **************************************************

2025-10-11 22:57:32 | INFO | vqe_output | Running VQE for LiH_6_spinorbs with 1000 shots.
2025-10-11 22:57:32 | INFO | vqe_output | Taking 1 samples.
2025-10-11 22:57:32 | INFO | vqe_output | Using AerBackend with 6 qubits and 1000 shots.
2025-10-11 22:57:32 | INFO | vqe_output | Using seed 8993.
2025-10-11 22:57:32 | INFO | vqe_output | Using circuit from /home/qlila/ResearchCode/GivensVQE/ansatz_circuits/ordered_circuits/LiH_6_spinorbs/0_givens.qpy.
2025-10-11 22:57:32 | INFO | vqe_output | Loading initial parameters from /home/qlila/ResearchCode/GivensVQE/ansatz_circuits/ordered_circuits/LiH_6_spinorbs/0_givens_optimal_params.npy.
2025-10-11 22:57:32 | INFO | vqe_output | No transpilation will be performed.
2025-10-11 22:57:32 | INFO | vqe_output | Output will be saved to /home/qlila/ResearchCode/GivensVQE/results/HF/shots_results/LiH_6_spinorbs/0_givens
2025-10-11 22:57:32 | INFO | vqe_output | Sample 1/1
2025-10-11 22:57:32 | INFO | vqe_output | Only evaluating energy for the initial parameters.
2025-10-11 22:57:33 | INFO | vqe_output | Nuclear repulsion energy: 1.133951166257143
2025-10-11 22:57:33 | INFO | vqe_output | Measurement setup loaded from givens_vqe.data.measurement_setups/LiH_6_spinorbs.json
2025-10-11 22:57:33 | INFO | vqe_output | saved measurement expectation to /home/qlila/ResearchCode/GivensVQE/results/HF/shots_results/LiH_6_spinorbs/0_givens/measurement_expectation.json
2025-10-11 22:57:33 | INFO | vqe_output | saved operator to /home/qlila/ResearchCode/GivensVQE/results/HF/shots_results/LiH_6_spinorbs/0_givens/operator.json
2025-10-11 22:57:36 | INFO | vqe_output | Compiler optimisation level: 0
2025-10-11 22:57:51 | INFO | vqe_output | submitted energy expectation job to backend.
2025-10-11 22:57:51 | INFO | vqe_output | saved job reference to /home/qlila/ResearchCode/GivensVQE/results/HF/shots_results/LiH_6_spinorbs/0_givens/energy_expectation_job
2025-10-11 22:57:51 | INFO | vqe_output | VQE_result(final_elec_energy='TBD', final_energy_std='TBD', nuclear_energy=np.float64(1.133951166257143), core_energy=0.0, final_total_energy='TBD', final_params=[], success=None, initial_params=[], initial_energy='TBD', initial_energy_std='TBD', optimizer=None, param_mode='load_optimal', circuit_path='/home/qlila/ResearchCode/GivensVQE/ansatz_circuits/ordered_circuits/LiH_6_spinorbs/0_givens.qpy', nb_removed_dets=None, nb_givens=0, molecule='LiH_6_spinorbs', backend='shots', machine_name='shots', shots=1000, nb_single_givens=0, nb_double_givens=0, param_path='/home/qlila/ResearchCode/GivensVQE/ansatz_circuits/ordered_circuits/LiH_6_spinorbs/0_givens_optimal_params.npy', energy_error='TBD', circuit='0_givens', shot_dir='1000_shots', nb_samples=1, nb_hamiltonian_measurements=10, givens_depth=2, nb_qubits=6, seed=None, nb_iterations=None, termination_flag=None, nb_function_evals=None, used_params_indices=[], jobs_dict='d66c6734-1460-425e-8633-eeeeed0da5d3', circuit_ids=['165b5224-9b17-4f83-8c88-f2e75cb3713f', '6b13d35f-922f-456d-8b39-fb65c51da7a8', '94c55765-ac29-46b0-b7fd-a3059b875c37', '78d54271-34ad-4597-a6f2-9bce78c406d8', 'bbfd5f96-3f01-47cd-a2ad-77d7467fe79f', '637433c6-81c4-47d5-91f6-ea7231852922', '3c9063a3-0364-48e9-9a57-27ef93da5b4e', 'c3487756-60f7-46b7-bbb6-a98cf976b954', '0d592da8-ad7d-4ab4-8cef-f5bdb42576b1', 'f40d9ab5-469e-429f-b0b1-04c24ca98d26'], HQC_cost='TBD')
2025-10-11 22:57:51 | INFO | vqe_output | Only one sample taken, returning single result.
{'0': Counter({(0, 1, 1, 0, 1, 0): 144, (1, 1, 1, 0, 1, 0): 131, (0, 1, 1, 0, 0, 1): 127, (1, 1, 1, 0, 0, 1): 126, (0, 1, 1, 0, 0, 0): 124, (1, 1, 1, 0, 1, 1): 121, (1, 1, 1, 0, 0, 0): 117, (0, 1, 1, 0, 1, 1): 110}), '1': Counter({(1, 1, 1, 0, 0, 0): 145, (0, 1, 1, 1, 1, 0): 136, (0, 1, 1, 1, 0, 1): 134, (0, 1, 1, 0, 0, 0): 130, (1, 1, 1, 1, 0, 1): 121, (1, 1, 1, 1, 1, 0): 117, (1, 1, 1, 0, 1, 1): 109, (0, 1, 1, 0, 1, 1): 108}), '2': Counter({(1, 1, 1, 1, 1, 0): 522, (0, 1, 1, 1, 1, 0): 478}), '3': Counter({(1, 0, 0, 1, 1, 0): 519, (0, 0, 0, 1, 1, 0): 481}), '4': Counter({(0, 0, 0, 1, 1, 1): 259, (1, 0, 0, 1, 0, 1): 259, (0, 0, 0, 1, 0, 1): 243, (1, 0, 0, 1, 1, 1): 239}), '5': Counter({(1, 0, 1, 0, 1, 1): 285, (1, 1, 1, 0, 1, 1): 249, (1, 0, 1, 1, 1, 1): 234, (1, 1, 1, 1, 1, 1): 232}), '6': Counter({(1, 0, 1, 0, 0, 0): 271, (1, 1, 1, 1, 0, 0): 252, (1, 1, 1, 0, 0, 0): 242, (1, 0, 1, 1, 0, 0): 235}), '7': Counter({(1, 0, 1, 1, 1, 1): 269, (1, 1, 1, 1, 0, 1): 252, (1, 1, 1, 1, 1, 1): 248, (1, 0, 1, 1, 0, 1): 231}), '8': Counter({(0, 0, 0, 1, 0, 0): 82, (1, 0, 0, 1, 0, 0): 74, (0, 0, 0, 0, 1, 0): 72, (1, 0, 0, 1, 1, 1): 69, (0, 0, 0, 0, 1, 1): 68, (1, 0, 0, 1, 1, 0): 68, (1, 0, 0, 0, 1, 0): 65, (0, 0, 0, 0, 0, 0): 61, (0, 0, 0, 1, 1, 1): 61, (1, 0, 0, 1, 0, 1): 61, (1, 0, 0, 0, 1, 1): 59, (0, 0, 0, 1, 0, 1): 58, (1, 0, 0, 0, 0, 1): 54, (1, 0, 0, 0, 0, 0): 53, (0, 0, 0, 1, 1, 0): 49, (0, 0, 0, 0, 0, 1): 46}), '9': Counter({(1, 0, 0, 0, 0, 1): 75, (0, 0, 0, 1, 0, 0): 72, (1, 0, 0, 0, 1, 0): 69, (0, 0, 0, 1, 1, 1): 66, (0, 0, 0, 0, 0, 1): 65, (1, 0, 0, 0, 1, 1): 65, (1, 0, 0, 1, 0, 1): 64, (1, 0, 0, 0, 0, 0): 62, (1, 0, 0, 1, 0, 0): 62, (0, 0, 0, 0, 1, 0): 61, (0, 0, 0, 0, 1, 1): 60, (0, 0, 0, 1, 1, 0): 59, (0, 0, 0, 1, 0, 1): 56, (1, 0, 0, 1, 1, 1): 56, (1, 0, 0, 1, 1, 0): 55, (0, 0, 0, 0, 0, 0): 53})}