2025-10-11 13:19:11 | INFO | vqe_output | **************************************************

2025-10-11 13:19:11 | INFO | vqe_output | Running VQE for LiH_6_spinorbs with 1000 shots.
2025-10-11 13:19:11 | INFO | vqe_output | Taking 1 samples.
2025-10-11 13:19:11 | INFO | vqe_output | Using Quantinuum H1-1E.
2025-10-11 13:19:11 | INFO | vqe_output | Using circuit from /home/qlila/ResearchCode/GivensVQE/ansatz_circuits/ordered_circuits/LiH_6_spinorbs/0_givens.qpy.
2025-10-11 13:19:11 | INFO | vqe_output | Loading initial parameters from /home/qlila/ResearchCode/GivensVQE/ansatz_circuits/ordered_circuits/LiH_6_spinorbs/0_givens_optimal_params.npy.
2025-10-11 13:19:11 | INFO | vqe_output | No transpilation will be performed.
2025-10-11 13:19:11 | INFO | vqe_output | Output will be saved to /home/qlila/ResearchCode/GivensVQE/results/HF/H1-1E_results/LiH_6_spinorbs/0_givens
2025-10-11 13:19:11 | INFO | vqe_output | Sample 1/1
2025-10-11 13:19:11 | INFO | vqe_output | Only evaluating energy for the initial parameters.
2025-10-11 13:19:12 | INFO | vqe_output | Nuclear repulsion energy: 1.133951166257143
2025-10-11 13:19:12 | INFO | vqe_output | Measurement setup loaded from givens_vqe.data.measurement_setups/LiH_6_spinorbs.json
2025-10-11 13:19:12 | INFO | vqe_output | saved measurement expectation to /home/qlila/ResearchCode/GivensVQE/results/HF/H1-1E_results/LiH_6_spinorbs/0_givens/measurement_expectation.json
2025-10-11 13:19:12 | INFO | vqe_output | saved operator to /home/qlila/ResearchCode/GivensVQE/results/HF/H1-1E_results/LiH_6_spinorbs/0_givens/operator.json
2025-10-11 13:19:14 | INFO | vqe_output | Compiler optimisation level: 0
2025-10-11 13:19:30 | INFO | vqe_output | submitted energy expectation job to backend.
2025-10-11 13:19:30 | INFO | vqe_output | saved job reference to /home/qlila/ResearchCode/GivensVQE/results/HF/H1-1E_results/LiH_6_spinorbs/0_givens/energy_expectation_job
2025-10-11 13:19:30 | INFO | vqe_output | VQE_result(final_elec_energy='TBD', final_energy_std='TBD', nuclear_energy=np.float64(1.133951166257143), core_energy=0.0, final_total_energy='TBD', final_params=[], success=None, initial_params=[], initial_energy='TBD', initial_energy_std='TBD', optimizer=None, param_mode='load_optimal', circuit_path='/home/qlila/ResearchCode/GivensVQE/ansatz_circuits/ordered_circuits/LiH_6_spinorbs/0_givens.qpy', nb_removed_dets=None, nb_givens=0, molecule='LiH_6_spinorbs', backend='QuantinuumBackend', machine_name='H1-1E', shots=1000, nb_single_givens=0, nb_double_givens=0, param_path='/home/qlila/ResearchCode/GivensVQE/ansatz_circuits/ordered_circuits/LiH_6_spinorbs/0_givens_optimal_params.npy', energy_error='TBD', circuit='0_givens', shot_dir='1000_shots', nb_samples=1, nb_hamiltonian_measurements=10, givens_depth=2, nb_qubits=6, seed=None, nb_iterations=None, termination_flag=None, nb_function_evals=None, used_params_indices=[], jobs_dict='e8c845b9-8394-4dcc-b2c8-c018e91bc42e', circuit_ids=['31d31910-9efd-412d-a7ab-35d6cdf6de4d', '20cda76f-bd37-42b3-bc54-cee1f9a57b33', '87bfad71-7fb0-427e-b50d-0c227a1afff7', '971a1896-621d-44fa-9a10-f3fea36a91ef', '7051191c-b8b6-46d1-bc77-6759fe16921b', '7307f759-312e-4d4c-9b60-a8f8a65b122c', '6eeed51a-9999-4d50-814d-845ade95c371', 'be6fcffd-1071-4473-8d6d-1d68bf87c552', 'dcb941fa-fe38-4458-abcb-f0e0c2f6f4f8', '4bf9af0c-fb39-4e61-bc1f-ac2a2083ec5d'], HQC_cost='TBD')
2025-10-11 13:19:30 | INFO | vqe_output | Only one sample taken, returning single result.
{'0': Counter({(1, 1, 1, 0, 1, 1): 151, (1, 1, 1, 0, 0, 1): 134, (0, 1, 1, 0, 1, 1): 126, (0, 1, 1, 0, 0, 0): 119, (1, 1, 1, 0, 0, 0): 119, (0, 1, 1, 0, 1, 0): 118, (1, 1, 1, 0, 1, 0): 118, (0, 1, 1, 0, 0, 1): 115}), '1': Counter({(0, 1, 1, 0, 0, 0): 150, (0, 1, 1, 1, 0, 1): 140, (0, 1, 1, 0, 1, 1): 125, (0, 1, 1, 1, 1, 0): 124, (1, 1, 1, 1, 1, 0): 123, (1, 1, 1, 1, 0, 1): 121, (1, 1, 1, 0, 0, 0): 115, (1, 1, 1, 0, 1, 1): 102}), '2': Counter({(0, 1, 1, 1, 1, 0): 505, (1, 1, 1, 1, 1, 0): 495}), '3': Counter({(0, 0, 0, 1, 1, 0): 505, (1, 0, 0, 1, 1, 0): 495}), '4': Counter({(0, 0, 0, 1, 0, 1): 271, (0, 0, 0, 1, 1, 1): 259, (1, 0, 0, 1, 0, 1): 244, (1, 0, 0, 1, 1, 1): 226}), '5': Counter({(1, 0, 1, 0, 1, 1): 270, (1, 1, 1, 0, 1, 1): 251, (1, 1, 1, 1, 1, 1): 246, (1, 0, 1, 1, 1, 1): 233}), '6': Counter({(1, 1, 1, 1, 0, 0): 258, (1, 0, 1, 0, 0, 0): 256, (1, 0, 1, 1, 0, 0): 251, (1, 1, 1, 0, 0, 0): 235}), '7': Counter({(1, 1, 1, 1, 0, 1): 278, (1, 1, 1, 1, 1, 1): 258, (1, 0, 1, 1, 1, 1): 235, (1, 0, 1, 1, 0, 1): 229}), '8': Counter({(0, 0, 0, 1, 0, 0): 77, (1, 0, 0, 1, 1, 1): 72, (0, 0, 0, 0, 0, 1): 69, (0, 0, 0, 0, 1, 1): 64, (1, 0, 0, 0, 1, 1): 64, (1, 0, 0, 1, 0, 1): 64, (0, 0, 0, 0, 0, 0): 62, (0, 0, 0, 1, 0, 1): 60, (1, 0, 0, 0, 0, 0): 60, (1, 0, 0, 0, 1, 0): 60, (1, 0, 0, 1, 1, 0): 60, (0, 0, 0, 0, 1, 0): 59, (1, 0, 0, 0, 0, 1): 59, (0, 0, 0, 1, 1, 0): 58, (1, 0, 0, 1, 0, 0): 58, (0, 0, 0, 1, 1, 1): 54}), '9': Counter({(1, 0, 0, 1, 1, 0): 72, (1, 0, 0, 1, 1, 1): 72, (0, 0, 0, 0, 0, 1): 69, (1, 0, 0, 0, 0, 1): 66, (1, 0, 0, 0, 1, 0): 66, (0, 0, 0, 1, 1, 1): 64, (1, 0, 0, 0, 0, 0): 63, (1, 0, 0, 0, 1, 1): 63, (0, 0, 0, 1, 0, 1): 61, (1, 0, 0, 1, 0, 1): 60, (0, 0, 0, 0, 1, 0): 59, (0, 0, 0, 0, 1, 1): 59, (0, 0, 0, 1, 0, 0): 58, (1, 0, 0, 1, 0, 0): 58, (0, 0, 0, 0, 0, 0): 55, (0, 0, 0, 1, 1, 0): 55})}